de.metas.rest_api.v2.bpartner.ContactRestControllerTest.createOrUpdateContact_create=[
  {
    "active" : true,
    "changeLog" : {
      "tableName" : "AD_User",
      "recordId" : {
        "keyColumnNames" : [
          "AD_User_ID"
        ],
        "keysByColumnName" : {
          "AD_User_ID" : 100014
        }
      },
      "createdByUserId" : 30,
      "createdTimestamp" : {
        "seconds" : 1561134,
        "nanos" : 560000000
      },
      "lastChangedByUserId" : 30,
      "lastChangedTimestamp" : {
        "seconds" : 1561134,
        "nanos" : 560000000
      },
      "entries" : [ ]
    },
    "contactType" : {
      "billToDefault" : {
        "value" : false,
        "present" : true
      },
      "defaultContact" : {
        "value" : false,
        "present" : true
      },
      "purchase" : {
        "value" : false,
        "present" : true
      },
      "purchaseDefault" : {
        "value" : false,
        "present" : true
      },
      "sales" : {
        "value" : false,
        "present" : true
      },
      "salesDefault" : {
        "value" : false,
        "present" : true
      },
      "shipToDefault" : {
        "value" : false,
        "present" : true
      }
    },
    "handles" : [ ],
    "id" : {
      "bpartnerId" : 20,
      "userId" : 100014
    },
    "membershipContact" : false,
    "name" : "jsonContact.name",
    "newsletter" : false,
    "subjectMatterContact" : false
  }
]


de.metas.rest_api.v2.bpartner.ContactRestControllerTest.createOrUpdateContact_update_extContactIdentifier=[
  {
    "active" : true,
    "changeLog" : {
      "tableName" : "AD_User",
      "recordId" : {
        "keyColumnNames" : [
          "AD_User_ID"
        ],
        "keysByColumnName" : {
          "AD_User_ID" : 30
        }
      },
      "createdByUserId" : 30,
      "createdTimestamp" : {
        "seconds" : 1561133,
        "nanos" : 544000000
      },
      "lastChangedByUserId" : 30,
      "lastChangedTimestamp" : {
        "seconds" : 1561134,
        "nanos" : 560000000
      },
      "entries" : [ ]
    },
    "contactType" : {
      "billToDefault" : {
        "value" : false,
        "present" : true
      },
      "defaultContact" : {
        "value" : false,
        "present" : true
      },
      "purchase" : {
        "value" : false,
        "present" : true
      },
      "purchaseDefault" : {
        "value" : false,
        "present" : true
      },
      "sales" : {
        "value" : false,
        "present" : true
      },
      "salesDefault" : {
        "value" : false,
        "present" : true
      },
      "shipToDefault" : {
        "value" : false,
        "present" : true
      }
    },
    "email" : "contactRecord.email",
    "externalId" : "contactRecord.externalId",
    "firstName" : "contactRecord.firstName",
    "handles" : [ ],
    "id" : {
      "bpartnerId" : 20,
      "userId" : 30
    },
    "lastName" : "contactRecord.lastName",
    "membershipContact" : false,
    "name" : "jsonContact.name-UPDATED",
    "newsletter" : false,
    "phone" : "contactRecord.phone",
    "subjectMatterContact" : false,
    "value" : "contactRecord.value"
  }
]


de.metas.rest_api.v2.bpartner.ContactRestControllerTest.createOrUpdateContact_update_idContactIdentifier=[
  {
    "active" : true,
    "changeLog" : {
      "tableName" : "AD_User",
      "recordId" : {
        "keyColumnNames" : [
          "AD_User_ID"
        ],
        "keysByColumnName" : {
          "AD_User_ID" : 30
        }
      },
      "createdByUserId" : 30,
      "createdTimestamp" : {
        "seconds" : 1561133,
        "nanos" : 544000000
      },
      "lastChangedByUserId" : 30,
      "lastChangedTimestamp" : {
        "seconds" : 1561134,
        "nanos" : 560000000
      },
      "entries" : [ ]
    },
    "contactType" : {
      "billToDefault" : {
        "value" : false,
        "present" : true
      },
      "defaultContact" : {
        "value" : false,
        "present" : true
      },
      "purchase" : {
        "value" : false,
        "present" : true
      },
      "purchaseDefault" : {
        "value" : false,
        "present" : true
      },
      "sales" : {
        "value" : false,
        "present" : true
      },
      "salesDefault" : {
        "value" : false,
        "present" : true
      },
      "shipToDefault" : {
        "value" : false,
        "present" : true
      }
    },
    "email" : "contactRecord.email",
    "externalId" : "contactRecord.externalId",
    "firstName" : "contactRecord.firstName",
    "handles" : [ ],
    "id" : {
      "bpartnerId" : 20,
      "userId" : 30
    },
    "lastName" : "contactRecord.lastName",
    "membershipContact" : false,
    "name" : "jsonContact.name-UPDATED",
    "newsletter" : false,
    "phone" : "contactRecord.phone",
    "subjectMatterContact" : false,
    "value" : "contactRecord.value"
  }
]