de.metas.project.workorder.calendar.WOProjectSimulationPlanEditorTest.test=[ {
  "projectResourcesById" : {
    "1" : {
      "dateRange" : {
        "allDay" : true,
        "endDate" : "2022-06-12T22:00:00Z",
        "startDate" : "2022-06-10T22:00:00Z"
      },
      "projectAndResourceId" : {
        "projectId" : 1,
        "projectResourceId" : 1
      }
    },
    "3" : {
      "dateRange" : {
        "allDay" : true,
        "endDate" : "2022-06-14T22:00:00Z",
        "startDate" : "2022-06-12T22:00:00Z"
      },
      "projectAndResourceId" : {
        "projectId" : 1,
        "projectResourceId" : 3
      }
    },
    "4" : {
      "dateRange" : {
        "allDay" : true,
        "endDate" : "2022-06-15T22:00:00Z",
        "startDate" : "2022-06-14T22:00:00Z"
      },
      "projectAndResourceId" : {
        "projectId" : 1,
        "projectResourceId" : 4
      }
    }
  },
  "simulationPlanId" : 1,
  "stepsById" : {
    "1" : {
      "dateRange" : {
        "allDay" : true,
        "endDate" : "2022-06-12T22:00:00Z",
        "startDate" : "2022-06-03T22:00:00Z"
      },
      "projectId" : 1,
      "stepId" : 1
    },
    "2" : {
      "dateRange" : {
        "allDay" : true,
        "endDate" : "2022-06-15T22:00:00Z",
        "startDate" : "2022-06-12T22:00:00Z"
      },
      "projectId" : 1,
      "stepId" : 2
    }
  }
} ]