de.metas.contracts.commission.commissioninstance.businesslogic.sales.commissiontrigger.salesinvoicecandidate.SalesInvoiceCandidateFactoryTest.forRecord=[ {
  "orgId" : 10,
  "id" : 100004,
  "salesRepBPartnerId" : 20,
  "customerBPartnerId" : 30,
  "productId" : 100003,
  "commissionDate" : "2020-03-21",
  "updated" : "2020-03-03T08:23:00.929Z",
  "forecastCommissionPoints" : 100,
  "commissionPointsToInvoice" : 300,
  "invoicedCommissionPoints" : 100,
  "tradedCommissionPercent" : 0
} ]