de.metas.externalsystem.ExternalSystemConfigRepoTest.externalSystem_Config_Alberta=[
  {
    "id": 100001,
    "type": "Alberta",
    "camelUrl": "camelUrl",
    "name": "name",
    "childConfig": {
      "id": 100002,
      "parentId": 100001,
      "name": "name",
      "apiKey": "apiKey",
      "baseUrl": "baseUrl",
      "tenant": "tenant",
      "value": "testAlbertaValue"
    }
  }
]


de.metas.externalsystem.ExternalSystemConfigRepoTest.externalSystem_Config_Alberta_getById=[
  {
    "id": 100001,
    "type": "Alberta",
    "camelUrl": "camelUrl",
    "name": "name",
    "childConfig": {
      "id": 100002,
      "parentId": 100001,
      "name": "name",
      "apiKey": "apiKey",
      "baseUrl": "baseUrl",
      "tenant": "tenant"
    }
  }
]


de.metas.externalsystem.ExternalSystemConfigRepoTest.externalSystem_Config_Alberta_getByTypeAndParent=[
  {
    "id": 100002,
    "parentId": 100001,
    "name": "name",
    "apiKey": "apiKey",
    "baseUrl": "baseUrl",
    "tenant": "tenant"
  }
]


de.metas.externalsystem.ExternalSystemConfigRepoTest.externalSystem_Config_Alberta_getByTypeAndValue=[
  {
    "id": 100001,
    "type": "Alberta",
    "camelUrl": "camelUrl",
    "name": "name",
    "childConfig": {
      "id": 100002,
      "parentId": 100001,
      "name": "name",
      "apiKey": "apiKey",
      "baseUrl": "baseUrl",
      "tenant": "tenant"
    }
  }
]


de.metas.externalsystem.ExternalSystemConfigRepoTest.externalSystem_Config_Shopware6=[
  {
    "id": 100001,
    "type": "Shopware6",
    "camelUrl": "camelUrl",
    "name": "name",
    "childConfig": {
      "id": 100002,
      "parentId": 100001,
      "baseUrl": "baseUrl",
      "clientId": "id",
      "clientSecret": "secret",
      "value": "testShopware6Value"

    }
  }
]


de.metas.externalsystem.ExternalSystemConfigRepoTest.externalSystem_Config_Shopware6_getById=[
  {
    "id": 100001,
    "type": "Shopware6",
    "camelUrl": "camelUrl",
    "name": "name",
    "childConfig": {
      "id": 100002,
      "parentId": 100001,
      "baseUrl": "baseUrl",
      "clientId": "id",
      "clientSecret": "secret"
    }
  }
]


de.metas.externalsystem.ExternalSystemConfigRepoTest.externalSystem_Config_Shopware6_getByTypeAndParent=[
  {
    "id": 100002,
    "parentId": 100001,
    "baseUrl": "baseUrl",
    "clientId": "id",
    "clientSecret": "secret"
  }
]


de.metas.externalsystem.ExternalSystemConfigRepoTest.externalSystem_Config_Shopware6_getTypeAndValue=[
  {
    "id": 100001,
    "type": "Shopware6",
    "camelUrl": "camelUrl",
    "name": "name",
    "childConfig": {
      "id": 100002,
      "parentId": 100001,
      "baseUrl": "baseUrl",
      "clientId": "id",
      "clientSecret": "secret"
    }
  }
]