de.metas.contracts.commission.commissioninstance.services.repos.CommissionInstanceRepositoryTest.getForInvoiceCandidateId=[ {
  "id" : 100013,
  "currentTriggerData" : {
    "orgId" : 20,
    "invoiceCandidateId" : 10,
    "invoiceCandidateWasDeleted" : false,
    "timestamp" : "2019-09-17T11:50:55Z",
    "forecastedPoints" : 10,
    "invoiceablePoints" : 11,
    "invoicedPoints" : 12,
    "tradedCommissionPercent" : 0
  },
  "shares" : [ {
    "id" : null,
    "config" : {
      "@type" : "HierarchyConfig",
      "id" : 100002,
      "commissionProductId" : 100001,
      "subtractLowerLevelCommissionFromBase" : true,
      "bpartnerId2HierarchyContracts" : {
        "100005" : {
          "@type" : "HierarchyContract",
          "id" : 100006,
          "pointsPrecision" : 2,
          "commissionPercent" : 10
        },
        "100007" : {
          "@type" : "HierarchyContract",
          "id" : 100008,
          "pointsPrecision" : 2,
          "commissionPercent" : 10
        }
      },
      "commissionType" : "HIERARCHY_COMMISSION"
    },
    "level" : 10,
    "beneficiary" : {
      "bPartnerId" : 100005
    },
    "facts" : [ {
      "timestamp" : "2019-09-17T11:49:25Z",
      "state" : "FORECASTED",
      "points" : 10
    }, {
      "timestamp" : "2019-09-17T11:49:35Z",
      "state" : "FORECASTED",
      "points" : -9
    }, {
      "timestamp" : "2019-09-17T11:49:45Z",
      "state" : "INVOICEABLE",
      "points" : 1.1
    }, {
      "timestamp" : "2019-09-17T11:49:55Z",
      "state" : "INVOICED",
      "points" : 1.2
    } ],
    "forecastedPointsSum" : 1,
    "invoiceablePointsSum" : 1.1,
    "invoicedPointsSum" : 1.2,
    "contract" : {
      "@type" : "HierarchyContract",
      "id" : 100006,
      "pointsPrecision" : 2,
      "commissionPercent" : 10
    },
    "commissionProductId" : 100001
  }, {
    "id" : null,
    "config" : {
      "@type" : "HierarchyConfig",
      "id" : 100002,
      "commissionProductId" : 100001,
      "subtractLowerLevelCommissionFromBase" : true,
      "bpartnerId2HierarchyContracts" : {
        "100005" : {
          "@type" : "HierarchyContract",
          "id" : 100006,
          "pointsPrecision" : 2,
          "commissionPercent" : 10
        },
        "100007" : {
          "@type" : "HierarchyContract",
          "id" : 100008,
          "pointsPrecision" : 2,
          "commissionPercent" : 10
        }
      },
      "commissionType" : "HIERARCHY_COMMISSION"
    },
    "level" : 20,
    "beneficiary" : {
      "bPartnerId" : 100007
    },
    "facts" : [ {
      "timestamp" : "2019-09-17T11:50:25Z",
      "state" : "FORECASTED",
      "points" : 2
    }, {
      "timestamp" : "2019-09-17T11:50:35Z",
      "state" : "INVOICEABLE",
      "points" : 2.1
    }, {
      "timestamp" : "2019-09-17T11:50:45Z",
      "state" : "INVOICED",
      "points" : 10
    }, {
      "timestamp" : "2019-09-17T11:50:55Z",
      "state" : "INVOICED",
      "points" : -7.8
    } ],
    "forecastedPointsSum" : 2,
    "invoiceablePointsSum" : 2.1,
    "invoicedPointsSum" : 2.2,
    "contract" : {
      "@type" : "HierarchyContract",
      "id" : 100008,
      "pointsPrecision" : 2,
      "commissionPercent" : 10
    },
    "commissionProductId" : 100001
  } ]
} ]