de.metas.audit.data.DataExportAuditRepositoryTest.save=[
  {
      "id" : 100001,
      "tableRecordReference" : {
        "tableName" : "test",
        "recordId" : 1
      },
      "parentId" : 2
  }
]