de.metas.vertical.healthcare.alberta.service.bpartner.patient.AlbertaPatientRepositoryTest.save_allFields=[
  {
    "bPartnerAlbertaPatientId": 100001,
    "bPartnerId": 1,
    "hospitalId": 2,
    "dischargeDate": "2019-11-22",
    "payerId": 3,
    "payerType": "ProfessionalAssociation",
    "numberOfInsured": "numberOfInsured",
    "copaymentFrom": "2019-11-23",
    "copaymentTo": "2019-11-24",
    "isTransferPatient": true,
    "isIVTherapy": false,
    "fieldNurseId": 4,
    "deactivationReason": "AllTherapiesEnded",
    "deactivationDate": "2019-11-25",
    "deactivationComment": "deactivationComment",
    "classification": "classification",
    "careDegree": 2.2,
    "createdAt": "2019-11-26T00:00:00Z",
    "createdById": 5,
    "updatedAt": "2019-11-27T00:00:00Z",
    "updatedById": 6,
    "ivtherapy": false,
    "transferPatient": true
  }
]


de.metas.vertical.healthcare.alberta.service.bpartner.patient.AlbertaPatientRepositoryTest.save_onlyMandatory=[
  {
    "bPartnerAlbertaPatientId": 100001,
    "bPartnerId": 1,
    "isTransferPatient": false,
    "isIVTherapy": false,
    "careDegree": 0,
    "ivtherapy": false,
    "transferPatient": false
  }
]