de.metas.handlingunits.picking.plan.generator.CreatePickingPlanCommand_UsingCUs_Test.scenario_3HUs_1KgAlreadyReserved=[ {
  "alternatives" : {
    "pickFroms" : [ {
      "availableQty" : "960.000 Kg",
      "huId" : 100237,
      "key" : {
        "huId" : 100237,
        "locatorId" : "100161_100163",
        "productId" : 100160
      },
      "locatorId" : "100161_100163",
      "productId" : 100160
    } ]
  },
  "lines" : [ {
    "issueToBOMLine" : null,
    "pickFromHU" : {
      "alternatives" : {
        "keys" : [ {
          "huId" : 100237,
          "locatorId" : "100161_100163",
          "productId" : 100160
        } ]
      },
      "expiringDate" : null,
      "huCode" : "100272",
      "huReservedForThisLine" : true,
      "locatorId" : "100161_100163",
      "lotNumber" : null,
      "repackNumber" : null,
      "serialNo" : null,
      "topLevelHUId" : 100272
    },
    "pickFromPickingOrder" : null,
    "productId" : 100160,
    "qty" : "1.000 Kg",
    "sourceDocumentInfo" : {
      "existingPickingCandidate" : null,
      "packToSpec" : {
        "genericPackingInstructionsId" : 101,
        "tuPackingInstructionsId" : null
      },
      "salesOrderLineId" : {
        "orderId" : 300,
        "orderLineId" : 301
      },
      "shipmentScheduleId" : 2,
      "shipperId" : null
    },
    "type" : "PICK_FROM_HU"
  }, {
    "issueToBOMLine" : null,
    "pickFromHU" : {
      "alternatives" : {
        "keys" : [ {
          "huId" : 100237,
          "locatorId" : "100161_100163",
          "productId" : 100160
        } ]
      },
      "expiringDate" : null,
      "huCode" : "100165",
      "huReservedForThisLine" : false,
      "locatorId" : "100161_100163",
      "lotNumber" : null,
      "repackNumber" : null,
      "serialNo" : null,
      "topLevelHUId" : 100165
    },
    "pickFromPickingOrder" : null,
    "productId" : 100160,
    "qty" : "30.000 Kg",
    "sourceDocumentInfo" : {
      "existingPickingCandidate" : null,
      "packToSpec" : {
        "genericPackingInstructionsId" : 101,
        "tuPackingInstructionsId" : null
      },
      "salesOrderLineId" : {
        "orderId" : 300,
        "orderLineId" : 301
      },
      "shipmentScheduleId" : 2,
      "shipperId" : null
    },
    "type" : "PICK_FROM_HU"
  }, {
    "issueToBOMLine" : null,
    "pickFromHU" : {
      "alternatives" : {
        "keys" : [ {
          "huId" : 100237,
          "locatorId" : "100161_100163",
          "productId" : 100160
        } ]
      },
      "expiringDate" : null,
      "huCode" : "100201",
      "huReservedForThisLine" : false,
      "locatorId" : "100161_100163",
      "lotNumber" : null,
      "repackNumber" : null,
      "serialNo" : null,
      "topLevelHUId" : 100201
    },
    "pickFromPickingOrder" : null,
    "productId" : 100160,
    "qty" : "30.000 Kg",
    "sourceDocumentInfo" : {
      "existingPickingCandidate" : null,
      "packToSpec" : {
        "genericPackingInstructionsId" : 101,
        "tuPackingInstructionsId" : null
      },
      "salesOrderLineId" : {
        "orderId" : 300,
        "orderLineId" : 301
      },
      "shipmentScheduleId" : 2,
      "shipperId" : null
    },
    "type" : "PICK_FROM_HU"
  }, {
    "issueToBOMLine" : null,
    "pickFromHU" : {
      "alternatives" : {
        "keys" : [ ]
      },
      "expiringDate" : null,
      "huCode" : "100237",
      "huReservedForThisLine" : false,
      "locatorId" : "100161_100163",
      "lotNumber" : null,
      "repackNumber" : null,
      "serialNo" : null,
      "topLevelHUId" : 100237
    },
    "pickFromPickingOrder" : null,
    "productId" : 100160,
    "qty" : "39.000 Kg",
    "sourceDocumentInfo" : {
      "existingPickingCandidate" : null,
      "packToSpec" : {
        "genericPackingInstructionsId" : 101,
        "tuPackingInstructionsId" : null
      },
      "salesOrderLineId" : {
        "orderId" : 300,
        "orderLineId" : 301
      },
      "shipmentScheduleId" : 2,
      "shipperId" : null
    },
    "type" : "PICK_FROM_HU"
  } ],
  "singleProductId" : 100160
} ]