de.metas.contracts.pricing.CustomerTradeMarginRepositoryTest.getById_Test=[
  {
    "customerTradeMarginId" : 100001,
    "commissionProductId" : 1,
    "pointsPrecision" : 2,
    "name" : "name",
    "lines" : [
      {
        "customerTradeMarginLineId" : 100002,
        "customerTradeMarginId" : 100001,
        "active" : true,
        "seqNo" : 0,
        "marginPercent" : 10
      }
    ]
  }
]