de.metas.contracts.commission.commissioninstance.businesslogic.sales.commissiontrigger.salesinvoiceline.SalesInvoiceFactoryTest.forRecord=[ {
  "orgId" : 10,
  "id" : 100010,
  "salesRepBPartnerId" : 20,
  "customerBPartnerId" : 30,
  "commissionDate" : "2020-03-21",
  "updated" : "2020-03-03T08:23:00.929Z",
  "triggerType" : "SalesCreditmemo",
  "invoiceLines" : [ {
    "id" : {
      "repoId" : 100011,
      "invoiceId" : 100010
    },
    "productId" : 100009,
    "forecastCommissionPoints" : 0,
    "commissionPointsToInvoice" : 0,
    "invoicedCommissionPoints" : -100,
    "tradedCommissionPercent" : 0,
    "updated" : "2020-03-03T08:23:00.929Z"
  } ]
} ]