de.metas.common.rest_api.v2.project.workorder.JsonWorkOrderProjectRequestTest.serializeDeserialize=[
  {
    "identifier" : "ext-252525",
    "projectTypeId" : 3,
    "syncAdvise" : {
      "ifNotExists" : "CREATE",
      "ifExists" : "UPDATE_MERGE"
    },
    "value" : "Test WO Project",
    "valueSet" : true,
    "name" : "Test WO Project",
    "nameSet" : true,
    "priceListVersionId" : 5,
    "priceListVersionIdSet" : true,
    "currencyCode" : "currencyCode",
    "currencyCodeSet" : true,
    "salesRepId" : 6,
    "salesRepIdSet" : true,
    "description" : "Test WO Project Description",
    "descriptionSet" : true,
    "dateContract" : {
      "year" : 2022,
      "month" : 7,
      "day" : 1,
      "leapYear" : false
    },
    "dateContractSet" : true,
    "dateFinish" : {
      "year" : 2022,
      "month" : 7,
      "day" : 20,
      "leapYear" : false
    },
    "dateFinishSet" : true,
    "businessPartnerId" : 1,
    "businessPartnerIdSet" : true,
    "projectReferenceExt" : "WOProjectTestRefExt",
    "projectReferenceExtSet" : true,
    "projectParentId" : 2,
    "projectParentIdSet" : true,
    "orgCode" : "ORG",
    "orgCodeSet" : true,
    "isActive" : true,
    "activeSet" : true,
    "bpartnerDepartmentSet" : false,
    "woOwner" : "woOwner",
    "woOwnerSet" : true,
    "poReferenceSet" : false,
    "bpartnerTargetDateSet" : false,
    "woProjectCreatedDateSet" : false,
    "dateOfProvisionByBPartner" : {
      "year" : 2022,
      "month" : 7,
      "day" : 22,
      "leapYear" : false
    },
    "dateOfProvisionByBPartnerSet" : true,
    "steps" : [
      {
        "identifier" : "ext-1111",
        "name" : "Test WO Project Step",
        "description" : "Test WO Project Step Description",
        "descriptionSet" : true,
        "seqNo" : 10,
        "seqNoSet" : true,
        "dateStart" : {
          "year" : 2022,
          "month" : 7,
          "day" : 3,
          "leapYear" : false
        },
        "dateStartSet" : true,
        "dateEnd" : {
          "year" : 2022,
          "month" : 7,
          "day" : 22,
          "leapYear" : false
        },
        "dateEndSet" : true,
        "woPartialReportDate" : {
          "year" : 2022,
          "month" : 7,
          "day" : 10,
          "leapYear" : false
        },
        "woPartialReportDateSet" : true,
        "woPlannedResourceDurationHours" : 3,
        "woPlannedResourceDurationHoursSet" : true,
        "deliveryDate" : {
          "year" : 2022,
          "month" : 8,
          "day" : 5,
          "leapYear" : false
        },
        "deliveryDateSet" : true,
        "woTargetStartDate" : {
          "year" : 2022,
          "month" : 7,
          "day" : 5,
          "leapYear" : false
        },
        "woTargetStartDateSet" : true,
        "woTargetEndDate" : {
          "year" : 2022,
          "month" : 7,
          "day" : 31,
          "leapYear" : false
        },
        "woTargetEndDateSet" : true,
        "woPlannedPersonDurationHours" : 20,
        "woPlannedPersonDurationHoursSet" : true,
        "woStepStatus" : "CANCELED",
        "woStepStatusSet" : true,
        "woFindingsReleasedDate" : {
          "year" : 2022,
          "month" : 8,
          "day" : 3,
          "leapYear" : false
        },
        "woFindingsReleasedDateSet" : true,
        "woFindingsCreatedDate" : {
          "year" : 2022,
          "month" : 8,
          "day" : 1,
          "leapYear" : false
        },
        "woFindingsCreatedDateSet" : true,
        "externalId" : "1111",
        "externalIdSet" : true,
        "resources" : [
          {
            "resourceIdentifier" : "int-resourceIdentifier",
            "assignDateFrom" : {
              "year" : 2022,
              "month" : 7,
              "day" : 15,
              "leapYear" : false
            },
            "assignDateTo" : {
              "year" : 2022,
              "month" : 7,
              "day" : 16,
              "leapYear" : false
            },
            "isActive" : true,
            "activeSet" : true,
            "isAllDay" : false,
            "allDaySet" : true,
            "duration" : 10,
            "durationSet" : true,
            "durationUnit" : "Month",
            "durationUnitSet" : true,
            "testFacilityGroupName" : "testFacilityGroupName",
            "testFacilityGroupNameSet" : true,
            "externalId" : "1111",
            "externalIdSet" : true
          }
        ]
      }
    ],
    "objectsUnderTest" : [
      {
        "identifier" : "ext-3333",
        "numberOfObjectsUnderTest" : 10,
        "woDeliveryNote" : "woDeliveryNote",
        "woDeliveryNoteSet" : true,
        "woManufacturer" : "woManufacturer",
        "woManufacturerSet" : true,
        "woObjectType" : "woObjectType",
        "woObjectTypeSet" : true,
        "woObjectName" : "woObjectName",
        "woObjectNameSet" : true,
        "woObjectWhereabouts" : "woObjectWhereabouts",
        "woObjectWhereaboutsSet" : true,
        "externalId" : "3333",
        "externalIdSet" : true
      }
    ]
  }
]