de.metas.audit.apirequest.response.ApiResponseAuditRepositoryTest.save=[
  {
    "apiResponseAuditId": 100001,
    "orgId": 1,
    "apiRequestAuditId": 2,
    "body": "body",
    "httpCode": "200",
    "time": "1970-01-01T00:00:00Z"
  }
]