de.metas.rest_api.v1.bpartner.BpartnerRestControllerTest.createOrUpdateBPartner_Update_BPartner_Name_Insert_Location=[
  {
    "orgCode" : "<10>",
    "bpartner" : {
      "metasfreshId" : 100010,
      "code" : "12345",
      "active" : true,
      "name" : "bpartnerRecord.name_updated",
      "companyName" : "bpartnerRecord.companyName",
      "group" : "bpGroupRecord.name",
      "vendor" : false,
      "customer" : false,
      "company" : true,
      "changeInfo" : {
        "createdMillis" : 1563553074,
        "createdBy" : 30,
        "lastUpdatedMillis" : 1563553074,
        "lastUpdatedBy" : 30
      }
    },
    "locations" : [
      {
        "metasfreshId" : 100012,
        "externalId" : "123",
        "active" : true,
        "postal" : "5040",
        "poBox" : "poBox",
        "countryCode" : "countryRecord.countryCode",
        "shipTo" : false,
        "shipToDefault" : false,
        "billTo" : true,
        "billToDefault" : true,
        "changeInfo" : {
          "createdMillis" : 1563553074,
          "createdBy" : 30,
          "lastUpdatedMillis" : 1563553074,
          "lastUpdatedBy" : 30
        }
      }
    ]
  }
]


de.metas.rest_api.v1.bpartner.BpartnerRestControllerTest.createOrUpdateBPartner_create=[
  {
    "bankAccounts" : [ ],
    "bpartner" : {
      "id" : 100012,
      "externalId" : "fghij_2",
      "active" : true,
      "value" : "code",
      "name" : "bPartner.name",
      "companyName" : "bPartner.companyName",
      "parentId" : 1,
      "phone" : "bPartner.phone",
      "language" : {
        "m_name" : "Deutsch",
        "m_AD_Language" : "de_DE",
        "m_locale" : "de_DE",
        "_mediaSize" : {
          "x" : 210000,
          "y" : 297000,
          "mediaName" : {
            "value" : 4
          }
        },
        "baseLanguage" : true,
        "decimalPoint" : false,
        "leftToRight" : true
      },
      "url" : "bPartner.url",
      "groupId" : 15,
      "vendor" : false,
      "customer" : false,
      "company" : true,
      "vatId" : "bPartner.vatId",
      "changeLog" : {
        "tableName" : "C_BPartner",
        "recordId" : {
          "keyColumnNames" : [
            "C_BPartner_ID"
          ],
          "keysByColumnName" : {
            "C_BPartner_ID" : 100012
          }
        },
        "createdByUserId" : 30,
        "createdTimestamp" : {
          "seconds" : 1561134,
          "nanos" : 560000000
        },
        "lastChangedByUserId" : 30,
        "lastChangedTimestamp" : {
          "seconds" : 1561134,
          "nanos" : 560000000
        },
        "entries" : [ ]
      },
      "identifiedByExternalReference" : false
    },
    "contacts" : [
      {
        "active" : true,
        "changeLog" : {
          "tableName" : "AD_User",
          "recordId" : {
            "keyColumnNames" : [
              "AD_User_ID"
            ],
            "keysByColumnName" : {
              "AD_User_ID" : 100017
            }
          },
          "createdByUserId" : 30,
          "createdTimestamp" : {
            "seconds" : 1561134,
            "nanos" : 560000000
          },
          "lastChangedByUserId" : 30,
          "lastChangedTimestamp" : {
            "seconds" : 1561134,
            "nanos" : 560000000
          },
          "entries" : [ ]
        },
        "contactType" : {
          "billToDefault" : {
            "value" : false,
            "present" : true
          },
          "defaultContact" : {
            "value" : false,
            "present" : true
          },
          "purchase" : {
            "value" : false,
            "present" : true
          },
          "purchaseDefault" : {
            "value" : false,
            "present" : true
          },
          "sales" : {
            "value" : false,
            "present" : true
          },
          "salesDefault" : {
            "value" : false,
            "present" : true
          },
          "shipToDefault" : {
            "value" : false,
            "present" : true
          }
        },
        "email" : "c1_email@email.net",
        "externalId" : "c1_externalId",
        "handles" : [ ],
        "id" : {
          "bpartnerId" : 100012,
          "userId" : 100017
        },
        "membershipContact" : false,
        "name" : "c1_name",
        "newsletter" : false,
        "phone" : "c1_phone",
        "subjectMatterContact" : false
      },
      {
        "active" : true,
        "changeLog" : {
          "tableName" : "AD_User",
          "recordId" : {
            "keyColumnNames" : [
              "AD_User_ID"
            ],
            "keysByColumnName" : {
              "AD_User_ID" : 100018
            }
          },
          "createdByUserId" : 30,
          "createdTimestamp" : {
            "seconds" : 1561134,
            "nanos" : 560000000
          },
          "lastChangedByUserId" : 30,
          "lastChangedTimestamp" : {
            "seconds" : 1561134,
            "nanos" : 560000000
          },
          "entries" : [ ]
        },
        "contactType" : {
          "billToDefault" : {
            "value" : false,
            "present" : true
          },
          "defaultContact" : {
            "value" : false,
            "present" : true
          },
          "purchase" : {
            "value" : false,
            "present" : true
          },
          "purchaseDefault" : {
            "value" : false,
            "present" : true
          },
          "sales" : {
            "value" : false,
            "present" : true
          },
          "salesDefault" : {
            "value" : false,
            "present" : true
          },
          "shipToDefault" : {
            "value" : false,
            "present" : true
          }
        },
        "email" : "c2_email@email.net",
        "externalId" : "c2_externalId",
        "handles" : [ ],
        "id" : {
          "bpartnerId" : 100012,
          "userId" : 100018
        },
        "membershipContact" : false,
        "name" : "c2_name",
        "newsletter" : false,
        "phone" : "c2_phone",
        "subjectMatterContact" : false
      }
    ],
    "locations" : [
      {
        "active" : true,
        "address1" : "l1_address1",
        "address2" : "l1_address2",
        "changeLog" : {
          "tableName" : "C_BPartner_Location",
          "recordId" : {
            "keyColumnNames" : [
              "C_BPartner_Location_ID"
            ],
            "keysByColumnName" : {
              "C_BPartner_Location_ID" : 100014
            }
          },
          "createdByUserId" : 30,
          "createdTimestamp" : {
            "seconds" : 1561134,
            "nanos" : 560000000
          },
          "lastChangedByUserId" : 30,
          "lastChangedTimestamp" : {
            "seconds" : 1561134,
            "nanos" : 560000000
          },
          "entries" : [ ]
        },
        "city" : "l1_city",
        "countryCode" : "CH",
        "existingLocationId" : 100013,
        "externalId" : "l1_externalId",
        "gln" : "l1_gln",
        "handles" : [ ],
        "id" : {
          "repoId" : 100014,
          "bpartnerId" : 100012
        },
        "locationType" : {
          "billTo" : {
            "value" : false,
            "present" : true
          },
          "billToDefault" : {
            "value" : false,
            "present" : true
          },
          "shipTo" : {
            "value" : false,
            "present" : true
          },
          "shipToDefault" : {
            "value" : false,
            "present" : true
          }
        },
        "poBox" : "l1_poBox",
        "postal" : "l1_postal",
        "region" : "l1_region"
      },
      {
        "active" : true,
        "address1" : "l2_address1",
        "address2" : "l2_address2",
        "changeLog" : {
          "tableName" : "C_BPartner_Location",
          "recordId" : {
            "keyColumnNames" : [
              "C_BPartner_Location_ID"
            ],
            "keysByColumnName" : {
              "C_BPartner_Location_ID" : 100016
            }
          },
          "createdByUserId" : 30,
          "createdTimestamp" : {
            "seconds" : 1561134,
            "nanos" : 560000000
          },
          "lastChangedByUserId" : 30,
          "lastChangedTimestamp" : {
            "seconds" : 1561134,
            "nanos" : 560000000
          },
          "entries" : [ ]
        },
        "city" : "l2_city",
        "countryCode" : "DE",
        "existingLocationId" : 100015,
        "externalId" : "l2_externalId",
        "gln" : "l2_gln",
        "handles" : [ ],
        "id" : {
          "repoId" : 100016,
          "bpartnerId" : 100012
        },
        "locationType" : {
          "billTo" : {
            "value" : false,
            "present" : true
          },
          "billToDefault" : {
            "value" : false,
            "present" : true
          },
          "shipTo" : {
            "value" : false,
            "present" : true
          },
          "shipToDefault" : {
            "value" : false,
            "present" : true
          }
        },
        "poBox" : "l2_poBox",
        "postal" : "l2_postal",
        "region" : "l2_region"
      }
    ],
    "orgId" : 10
  }
]


de.metas.rest_api.v1.bpartner.BpartnerRestControllerTest.createOrUpdateContact_create=[
  {
    "bankAccounts" : [
      {
        "active" : true,
        "changeLog" : {
          "tableName" : "C_BP_BankAccount",
          "recordId" : {
            "keyColumnNames" : [
              "C_BP_BankAccount_ID"
            ],
            "keysByColumnName" : {
              "C_BP_BankAccount_ID" : 50
            }
          },
          "createdByUserId" : 30,
          "createdTimestamp" : {
            "seconds" : 1561133,
            "nanos" : 544000000
          },
          "lastChangedByUserId" : 30,
          "lastChangedTimestamp" : {
            "seconds" : 1561134,
            "nanos" : 560000000
          },
          "entries" : [ ]
        },
        "currencyId" : 100009,
        "iban" : "INITIAL-IBAN-1",
        "id" : {
          "repoId" : 50,
          "bpartnerId" : 20
        }
      }
    ],
    "bpartner" : {
      "id" : 20,
      "externalId" : "fghij",
      "active" : true,
      "value" : "bpartnerRecord.value",
      "name" : "bpartnerRecord.name",
      "groupId" : 15,
      "vendor" : true,
      "customer" : true,
      "company" : false,
      "vatId" : "VATaxID",
      "changeLog" : {
        "tableName" : "C_BPartner",
        "recordId" : {
          "keyColumnNames" : [
            "C_BPartner_ID"
          ],
          "keysByColumnName" : {
            "C_BPartner_ID" : 20
          }
        },
        "createdByUserId" : 30,
        "createdTimestamp" : {
          "seconds" : 1561133,
          "nanos" : 544000000
        },
        "lastChangedByUserId" : 30,
        "lastChangedTimestamp" : {
          "seconds" : 1561134,
          "nanos" : 560000000
        },
        "entries" : [ ]
      },
      "identifiedByExternalReference" : false
    },
    "contacts" : [
      {
        "active" : true,
        "changeLog" : {
          "tableName" : "AD_User",
          "recordId" : {
            "keyColumnNames" : [
              "AD_User_ID"
            ],
            "keysByColumnName" : {
              "AD_User_ID" : 30
            }
          },
          "createdByUserId" : 30,
          "createdTimestamp" : {
            "seconds" : 1561133,
            "nanos" : 544000000
          },
          "lastChangedByUserId" : 30,
          "lastChangedTimestamp" : {
            "seconds" : 1561134,
            "nanos" : 560000000
          },
          "entries" : [ ]
        },
        "contactType" : {
          "billToDefault" : {
            "value" : false,
            "present" : true
          },
          "defaultContact" : {
            "value" : false,
            "present" : true
          },
          "purchase" : {
            "value" : false,
            "present" : true
          },
          "purchaseDefault" : {
            "value" : false,
            "present" : true
          },
          "sales" : {
            "value" : false,
            "present" : true
          },
          "salesDefault" : {
            "value" : false,
            "present" : true
          },
          "shipToDefault" : {
            "value" : false,
            "present" : true
          }
        },
        "email" : "contactRecord.email",
        "externalId" : "contactRecord.externalId",
        "firstName" : "contactRecord.firstName",
        "handles" : [ ],
        "id" : {
          "bpartnerId" : 20,
          "userId" : 30
        },
        "lastName" : "contactRecord.lastName",
        "membershipContact" : false,
        "name" : "contactRecord.name",
        "newsletter" : false,
        "phone" : "contactRecord.phone",
        "subjectMatterContact" : false,
        "value" : "contactRecord.value"
      },
      {
        "active" : true,
        "changeLog" : {
          "tableName" : "AD_User",
          "recordId" : {
            "keyColumnNames" : [
              "AD_User_ID"
            ],
            "keysByColumnName" : {
              "AD_User_ID" : 100010
            }
          },
          "createdByUserId" : 30,
          "createdTimestamp" : {
            "seconds" : 1561134,
            "nanos" : 560000000
          },
          "lastChangedByUserId" : 30,
          "lastChangedTimestamp" : {
            "seconds" : 1561134,
            "nanos" : 560000000
          },
          "entries" : [ ]
        },
        "contactType" : {
          "billToDefault" : {
            "value" : false,
            "present" : true
          },
          "defaultContact" : {
            "value" : false,
            "present" : true
          },
          "purchase" : {
            "value" : false,
            "present" : true
          },
          "purchaseDefault" : {
            "value" : false,
            "present" : true
          },
          "sales" : {
            "value" : false,
            "present" : true
          },
          "salesDefault" : {
            "value" : false,
            "present" : true
          },
          "shipToDefault" : {
            "value" : false,
            "present" : true
          }
        },
        "email" : "newContact-_email@email.net",
        "externalId" : "newContact-_externalId",
        "handles" : [ ],
        "id" : {
          "bpartnerId" : 20,
          "userId" : 100010
        },
        "membershipContact" : false,
        "name" : "newContact-_name",
        "newsletter" : false,
        "phone" : "newContact-_phone",
        "subjectMatterContact" : false
      }
    ],
    "locations" : [
      {
        "active" : true,
        "address1" : "locationRecord.address1",
        "address2" : "locationRecord.address2",
        "changeLog" : {
          "tableName" : "C_BPartner_Location",
          "recordId" : {
            "keyColumnNames" : [
              "C_BPartner_Location_ID"
            ],
            "keysByColumnName" : {
              "C_BPartner_Location_ID" : 40
            }
          },
          "createdByUserId" : 30,
          "createdTimestamp" : {
            "seconds" : 1561133,
            "nanos" : 544000000
          },
          "lastChangedByUserId" : 30,
          "lastChangedTimestamp" : {
            "seconds" : 1561134,
            "nanos" : 560000000
          },
          "entries" : [ ]
        },
        "city" : "locationRecord.city",
        "countryCode" : "countryRecord.countryCode",
        "district" : "postalRecord.district",
        "existingLocationId" : 100008,
        "externalId" : "bpartnerLocation.externalId",
        "gln" : "bpartnerLocationRecord.gln",
        "handles" : [ ],
        "id" : {
          "repoId" : 40,
          "bpartnerId" : 20
        },
        "locationType" : {
          "billTo" : {
            "value" : false,
            "present" : true
          },
          "billToDefault" : {
            "value" : false,
            "present" : true
          },
          "shipTo" : {
            "value" : false,
            "present" : true
          },
          "shipToDefault" : {
            "value" : false,
            "present" : true
          }
        },
        "poBox" : "locationRecord.poBox",
        "postal" : "locationRecord.postal",
        "region" : "locationRecord.regionName"
      }
    ],
    "orgId" : 10
  }
]


de.metas.rest_api.v1.bpartner.BpartnerRestControllerTest.createOrUpdateContact_update_extContactIdentifier=[
  {
    "bankAccounts" : [
      {
        "active" : true,
        "changeLog" : {
          "tableName" : "C_BP_BankAccount",
          "recordId" : {
            "keyColumnNames" : [
              "C_BP_BankAccount_ID"
            ],
            "keysByColumnName" : {
              "C_BP_BankAccount_ID" : 50
            }
          },
          "createdByUserId" : 30,
          "createdTimestamp" : {
            "seconds" : 1561133,
            "nanos" : 544000000
          },
          "lastChangedByUserId" : 30,
          "lastChangedTimestamp" : {
            "seconds" : 1561134,
            "nanos" : 560000000
          },
          "entries" : [ ]
        },
        "currencyId" : 100009,
        "iban" : "INITIAL-IBAN-1",
        "id" : {
          "repoId" : 50,
          "bpartnerId" : 20
        }
      }
    ],
    "bpartner" : {
      "id" : 20,
      "externalId" : "fghij",
      "active" : true,
      "value" : "bpartnerRecord.value",
      "name" : "bpartnerRecord.name",
      "groupId" : 15,
      "vendor" : true,
      "customer" : true,
      "company" : false,
      "vatId" : "VATaxID",
      "changeLog" : {
        "tableName" : "C_BPartner",
        "recordId" : {
          "keyColumnNames" : [
            "C_BPartner_ID"
          ],
          "keysByColumnName" : {
            "C_BPartner_ID" : 20
          }
        },
        "createdByUserId" : 30,
        "createdTimestamp" : {
          "seconds" : 1561133,
          "nanos" : 544000000
        },
        "lastChangedByUserId" : 30,
        "lastChangedTimestamp" : {
          "seconds" : 1561134,
          "nanos" : 560000000
        },
        "entries" : [ ]
      },
      "identifiedByExternalReference" : false
    },
    "contacts" : [
      {
        "active" : true,
        "changeLog" : {
          "tableName" : "AD_User",
          "recordId" : {
            "keyColumnNames" : [
              "AD_User_ID"
            ],
            "keysByColumnName" : {
              "AD_User_ID" : 30
            }
          },
          "createdByUserId" : 30,
          "createdTimestamp" : {
            "seconds" : 1561133,
            "nanos" : 544000000
          },
          "lastChangedByUserId" : 30,
          "lastChangedTimestamp" : {
            "seconds" : 1561134,
            "nanos" : 560000000
          },
          "entries" : [ ]
        },
        "contactType" : {
          "billToDefault" : {
            "value" : false,
            "present" : true
          },
          "defaultContact" : {
            "value" : false,
            "present" : true
          },
          "purchase" : {
            "value" : false,
            "present" : true
          },
          "purchaseDefault" : {
            "value" : false,
            "present" : true
          },
          "sales" : {
            "value" : false,
            "present" : true
          },
          "salesDefault" : {
            "value" : false,
            "present" : true
          },
          "shipToDefault" : {
            "value" : false,
            "present" : true
          }
        },
        "email" : "contactRecord.email",
        "externalId" : "contactRecord.externalId",
        "firstName" : "contactRecord.firstName",
        "handles" : [ ],
        "id" : {
          "bpartnerId" : 20,
          "userId" : 30
        },
        "lastName" : "contactRecord.lastName",
        "membershipContact" : false,
        "name" : "jsonContact.name-UPDATED",
        "newsletter" : false,
        "phone" : "contactRecord.phone",
        "subjectMatterContact" : false,
        "value" : "contactRecord.value"
      }
    ],
    "locations" : [
      {
        "active" : true,
        "address1" : "locationRecord.address1",
        "address2" : "locationRecord.address2",
        "changeLog" : {
          "tableName" : "C_BPartner_Location",
          "recordId" : {
            "keyColumnNames" : [
              "C_BPartner_Location_ID"
            ],
            "keysByColumnName" : {
              "C_BPartner_Location_ID" : 40
            }
          },
          "createdByUserId" : 30,
          "createdTimestamp" : {
            "seconds" : 1561133,
            "nanos" : 544000000
          },
          "lastChangedByUserId" : 30,
          "lastChangedTimestamp" : {
            "seconds" : 1561134,
            "nanos" : 560000000
          },
          "entries" : [ ]
        },
        "city" : "locationRecord.city",
        "countryCode" : "countryRecord.countryCode",
        "district" : "postalRecord.district",
        "existingLocationId" : 100008,
        "externalId" : "bpartnerLocation.externalId",
        "gln" : "bpartnerLocationRecord.gln",
        "handles" : [ ],
        "id" : {
          "repoId" : 40,
          "bpartnerId" : 20
        },
        "locationType" : {
          "billTo" : {
            "value" : false,
            "present" : true
          },
          "billToDefault" : {
            "value" : false,
            "present" : true
          },
          "shipTo" : {
            "value" : false,
            "present" : true
          },
          "shipToDefault" : {
            "value" : false,
            "present" : true
          }
        },
        "poBox" : "locationRecord.poBox",
        "postal" : "locationRecord.postal",
        "region" : "locationRecord.regionName"
      }
    ],
    "orgId" : 10
  }
]


de.metas.rest_api.v1.bpartner.BpartnerRestControllerTest.createOrUpdateContact_update_idContactIdentifier=[
  {
    "bankAccounts" : [
      {
        "active" : true,
        "changeLog" : {
          "tableName" : "C_BP_BankAccount",
          "recordId" : {
            "keyColumnNames" : [
              "C_BP_BankAccount_ID"
            ],
            "keysByColumnName" : {
              "C_BP_BankAccount_ID" : 50
            }
          },
          "createdByUserId" : 30,
          "createdTimestamp" : {
            "seconds" : 1561133,
            "nanos" : 544000000
          },
          "lastChangedByUserId" : 30,
          "lastChangedTimestamp" : {
            "seconds" : 1561134,
            "nanos" : 560000000
          },
          "entries" : [ ]
        },
        "currencyId" : 100009,
        "iban" : "INITIAL-IBAN-1",
        "id" : {
          "repoId" : 50,
          "bpartnerId" : 20
        }
      }
    ],
    "bpartner" : {
      "id" : 20,
      "externalId" : "fghij",
      "active" : true,
      "value" : "bpartnerRecord.value",
      "name" : "bpartnerRecord.name",
      "groupId" : 15,
      "vendor" : true,
      "customer" : true,
      "company" : false,
      "vatId" : "VATaxID",
      "changeLog" : {
        "tableName" : "C_BPartner",
        "recordId" : {
          "keyColumnNames" : [
            "C_BPartner_ID"
          ],
          "keysByColumnName" : {
            "C_BPartner_ID" : 20
          }
        },
        "createdByUserId" : 30,
        "createdTimestamp" : {
          "seconds" : 1561133,
          "nanos" : 544000000
        },
        "lastChangedByUserId" : 30,
        "lastChangedTimestamp" : {
          "seconds" : 1561134,
          "nanos" : 560000000
        },
        "entries" : [ ]
      },
      "identifiedByExternalReference" : false
    },
    "contacts" : [
      {
        "active" : true,
        "changeLog" : {
          "tableName" : "AD_User",
          "recordId" : {
            "keyColumnNames" : [
              "AD_User_ID"
            ],
            "keysByColumnName" : {
              "AD_User_ID" : 30
            }
          },
          "createdByUserId" : 30,
          "createdTimestamp" : {
            "seconds" : 1561133,
            "nanos" : 544000000
          },
          "lastChangedByUserId" : 30,
          "lastChangedTimestamp" : {
            "seconds" : 1561134,
            "nanos" : 560000000
          },
          "entries" : [ ]
        },
        "contactType" : {
          "billToDefault" : {
            "value" : false,
            "present" : true
          },
          "defaultContact" : {
            "value" : false,
            "present" : true
          },
          "purchase" : {
            "value" : false,
            "present" : true
          },
          "purchaseDefault" : {
            "value" : false,
            "present" : true
          },
          "sales" : {
            "value" : false,
            "present" : true
          },
          "salesDefault" : {
            "value" : false,
            "present" : true
          },
          "shipToDefault" : {
            "value" : false,
            "present" : true
          }
        },
        "email" : "contactRecord.email",
        "externalId" : "contactRecord.externalId",
        "firstName" : "contactRecord.firstName",
        "handles" : [ ],
        "id" : {
          "bpartnerId" : 20,
          "userId" : 30
        },
        "lastName" : "contactRecord.lastName",
        "membershipContact" : false,
        "name" : "jsonContact.name-UPDATED",
        "newsletter" : false,
        "phone" : "contactRecord.phone",
        "subjectMatterContact" : false,
        "value" : "contactRecord.value"
      }
    ],
    "locations" : [
      {
        "active" : true,
        "address1" : "locationRecord.address1",
        "address2" : "locationRecord.address2",
        "changeLog" : {
          "tableName" : "C_BPartner_Location",
          "recordId" : {
            "keyColumnNames" : [
              "C_BPartner_Location_ID"
            ],
            "keysByColumnName" : {
              "C_BPartner_Location_ID" : 40
            }
          },
          "createdByUserId" : 30,
          "createdTimestamp" : {
            "seconds" : 1561133,
            "nanos" : 544000000
          },
          "lastChangedByUserId" : 30,
          "lastChangedTimestamp" : {
            "seconds" : 1561134,
            "nanos" : 560000000
          },
          "entries" : [ ]
        },
        "city" : "locationRecord.city",
        "countryCode" : "countryRecord.countryCode",
        "district" : "postalRecord.district",
        "existingLocationId" : 100008,
        "externalId" : "bpartnerLocation.externalId",
        "gln" : "bpartnerLocationRecord.gln",
        "handles" : [ ],
        "id" : {
          "repoId" : 40,
          "bpartnerId" : 20
        },
        "locationType" : {
          "billTo" : {
            "value" : false,
            "present" : true
          },
          "billToDefault" : {
            "value" : false,
            "present" : true
          },
          "shipTo" : {
            "value" : false,
            "present" : true
          },
          "shipToDefault" : {
            "value" : false,
            "present" : true
          }
        },
        "poBox" : "locationRecord.poBox",
        "postal" : "locationRecord.postal",
        "region" : "locationRecord.regionName"
      }
    ],
    "orgId" : 10
  }
]


de.metas.rest_api.v1.bpartner.BpartnerRestControllerTest.createOrUpdateLocation_create=[
  {
    "bankAccounts" : [
      {
        "active" : true,
        "changeLog" : {
          "tableName" : "C_BP_BankAccount",
          "recordId" : {
            "keyColumnNames" : [
              "C_BP_BankAccount_ID"
            ],
            "keysByColumnName" : {
              "C_BP_BankAccount_ID" : 50
            }
          },
          "createdByUserId" : 30,
          "createdTimestamp" : {
            "seconds" : 1561133,
            "nanos" : 544000000
          },
          "lastChangedByUserId" : 30,
          "lastChangedTimestamp" : {
            "seconds" : 1561134,
            "nanos" : 560000000
          },
          "entries" : [ ]
        },
        "currencyId" : 100009,
        "iban" : "INITIAL-IBAN-1",
        "id" : {
          "repoId" : 50,
          "bpartnerId" : 20
        }
      }
    ],
    "bpartner" : {
      "id" : 20,
      "externalId" : "fghij",
      "active" : true,
      "value" : "bpartnerRecord.value",
      "name" : "bpartnerRecord.name",
      "groupId" : 15,
      "vendor" : true,
      "customer" : true,
      "company" : false,
      "vatId" : "VATaxID",
      "changeLog" : {
        "tableName" : "C_BPartner",
        "recordId" : {
          "keyColumnNames" : [
            "C_BPartner_ID"
          ],
          "keysByColumnName" : {
            "C_BPartner_ID" : 20
          }
        },
        "createdByUserId" : 30,
        "createdTimestamp" : {
          "seconds" : 1561133,
          "nanos" : 544000000
        },
        "lastChangedByUserId" : 30,
        "lastChangedTimestamp" : {
          "seconds" : 1561134,
          "nanos" : 560000000
        },
        "entries" : [ ]
      },
      "identifiedByExternalReference" : false
    },
    "contacts" : [
      {
        "active" : true,
        "changeLog" : {
          "tableName" : "AD_User",
          "recordId" : {
            "keyColumnNames" : [
              "AD_User_ID"
            ],
            "keysByColumnName" : {
              "AD_User_ID" : 30
            }
          },
          "createdByUserId" : 30,
          "createdTimestamp" : {
            "seconds" : 1561133,
            "nanos" : 544000000
          },
          "lastChangedByUserId" : 30,
          "lastChangedTimestamp" : {
            "seconds" : 1561134,
            "nanos" : 560000000
          },
          "entries" : [ ]
        },
        "contactType" : {
          "billToDefault" : {
            "value" : false,
            "present" : true
          },
          "defaultContact" : {
            "value" : false,
            "present" : true
          },
          "purchase" : {
            "value" : false,
            "present" : true
          },
          "purchaseDefault" : {
            "value" : false,
            "present" : true
          },
          "sales" : {
            "value" : false,
            "present" : true
          },
          "salesDefault" : {
            "value" : false,
            "present" : true
          },
          "shipToDefault" : {
            "value" : false,
            "present" : true
          }
        },
        "email" : "contactRecord.email",
        "externalId" : "contactRecord.externalId",
        "firstName" : "contactRecord.firstName",
        "handles" : [ ],
        "id" : {
          "bpartnerId" : 20,
          "userId" : 30
        },
        "lastName" : "contactRecord.lastName",
        "membershipContact" : false,
        "name" : "contactRecord.name",
        "newsletter" : false,
        "phone" : "contactRecord.phone",
        "subjectMatterContact" : false,
        "value" : "contactRecord.value"
      }
    ],
    "locations" : [
      {
        "active" : true,
        "address1" : "locationRecord.address1",
        "address2" : "locationRecord.address2",
        "changeLog" : {
          "tableName" : "C_BPartner_Location",
          "recordId" : {
            "keyColumnNames" : [
              "C_BPartner_Location_ID"
            ],
            "keysByColumnName" : {
              "C_BPartner_Location_ID" : 40
            }
          },
          "createdByUserId" : 30,
          "createdTimestamp" : {
            "seconds" : 1561133,
            "nanos" : 544000000
          },
          "lastChangedByUserId" : 30,
          "lastChangedTimestamp" : {
            "seconds" : 1561134,
            "nanos" : 560000000
          },
          "entries" : [ ]
        },
        "city" : "locationRecord.city",
        "countryCode" : "countryRecord.countryCode",
        "district" : "postalRecord.district",
        "existingLocationId" : 100008,
        "externalId" : "bpartnerLocation.externalId",
        "gln" : "bpartnerLocationRecord.gln",
        "handles" : [ ],
        "id" : {
          "repoId" : 40,
          "bpartnerId" : 20
        },
        "locationType" : {
          "billTo" : {
            "value" : false,
            "present" : true
          },
          "billToDefault" : {
            "value" : false,
            "present" : true
          },
          "shipTo" : {
            "value" : false,
            "present" : true
          },
          "shipToDefault" : {
            "value" : false,
            "present" : true
          }
        },
        "poBox" : "locationRecord.poBox",
        "postal" : "locationRecord.postal",
        "region" : "locationRecord.regionName"
      },
      {
        "active" : true,
        "address1" : "newLocation-_address1",
        "address2" : "newLocation-_address2",
        "changeLog" : {
          "tableName" : "C_BPartner_Location",
          "recordId" : {
            "keyColumnNames" : [
              "C_BPartner_Location_ID"
            ],
            "keysByColumnName" : {
              "C_BPartner_Location_ID" : 100012
            }
          },
          "createdByUserId" : 30,
          "createdTimestamp" : {
            "seconds" : 1561134,
            "nanos" : 560000000
          },
          "lastChangedByUserId" : 30,
          "lastChangedTimestamp" : {
            "seconds" : 1561134,
            "nanos" : 560000000
          },
          "entries" : [ ]
        },
        "city" : "newLocation-_city",
        "countryCode" : "DE",
        "existingLocationId" : 100011,
        "externalId" : "newLocation-_externalId",
        "gln" : "newLocation-_gln",
        "handles" : [ ],
        "id" : {
          "repoId" : 100012,
          "bpartnerId" : 20
        },
        "locationType" : {
          "billTo" : {
            "value" : false,
            "present" : true
          },
          "billToDefault" : {
            "value" : false,
            "present" : true
          },
          "shipTo" : {
            "value" : false,
            "present" : true
          },
          "shipToDefault" : {
            "value" : false,
            "present" : true
          }
        },
        "poBox" : "newLocation-_poBox",
        "postal" : "newLocation-_postal",
        "region" : "newLocation-_region"
      }
    ],
    "orgId" : 10
  }
]