de.metas.vertical.healthcare.alberta.service.bpartner.albertabpartner.AlbertaPatientRepositoryTest.save=[
  {
    "bPartnerAlbertaPatientId" : 100001,
    "bPartnerId" : 111111,
    "hospitalId" : 222222,
    "dischargeDate" : {
      "seconds" : 1574380800,
      "nanos" : 0
    },
    "payerId" : 33333333,
    "payerType" : "ProfessionalAssociation",
    "numberOfInsured" : "numberOfInsured",
    "copaymentFrom" : {
      "seconds" : 1574380800,
      "nanos" : 0
    },
    "copaymentTo" : {
      "seconds" : 1574380800,
      "nanos" : 0
    },
    "isTransferPatient" : true,
    "isIVTherapy" : false,
    "fieldNurseId" : 4444,
    "deactivationReason" : "AllTherapiesEnded",
    "deactivationDate" : {
      "seconds" : 1574380800,
      "nanos" : 0
    },
    "deactivationComment" : "deactivationComment",
    "createdAt" : {
      "seconds" : 1574380800,
      "nanos" : 0
    },
    "createdById" : 55555,
    "updatedAt" : {
      "seconds" : 1574380800,
      "nanos" : 0
    },
    "updatedById" : 66666,
    "ivtherapy" : false,
    "transferPatient" : true
  }
]