de.metas.vertical.healthcare.alberta.service.bpartner.albertabpartner.AlbertaUserRepositoryTest.save=[
  {
    "userAlbertaId" : 100001,
    "userId" : 111111,
    "title" : "DiplMed",
    "gender" : "MALE",
    "timestamp" : {
      "seconds" : 1574380800,
      "nanos" : 0
    }
  }
]