de.metas.vertical.healthcare.alberta.service.bpartner.albertabpartner.AlbertaCaregiverRepositoryTest.save=[
  {
    "bPartnerAlbertaCaregiverId" : 100001,
    "bPartnerId" : 111111,
    "caregiverId" : 2222222,
    "type" : "Enkel",
    "isLegalCarer" : true,
    "legalCarer" : true
  }
]