de.metas.handlingunits.inventory.InventoryLineRepositoryTest.save=[
  [
    {
      "id": 100013,
      "asiId": 100008,
      "inventoryId": 100012,
      "productId": 40,
      "storageAttributesKey": "10ยง&ยง11ยง&ยง12",
      "locatorId": {
        "repoId": 100003,
        "warehouseId": 100002
      },
      "singleHUAggregation": false,
      "inventoryLineHUs": [
        {
          "id": 100014,
          "huId": 100,
          "qtyBook": {
            "qty": 10,
            "sourceQty": 10,
            "infinite": false,
            "zero": false
          },
          "qtyCount": {
            "qty": 1,
            "sourceQty": 1,
            "infinite": false,
            "zero": false
          }
        },
        {
          "id": 100015,
          "huId": 200,
          "qtyBook": {
            "qty": 20,
            "sourceQty": 20,
            "infinite": false,
            "zero": false
          },
          "qtyCount": {
            "qty": 2,
            "sourceQty": 2,
            "infinite": false,
            "zero": false
          }
        }
      ]
    }
  ]
]