de.metas.audit.config.ApiAuditConfigRepositoryTest.getAllConfigsByOrgId=[
  [
    {
      "apiAuditConfigId" : 100001,
      "orgId" : 1,
      "seqNo" : 10,
      "isInvokerWaitsForResponse" : true,
      "keepRequestDays" : 101,
      "keepRequestBodyDays" : 100,
      "keepResponseDays" : 103,
      "keepResponseBodyDays" : 102,
      "method" : "PUT",
      "pathPrefix" : "pathPrefix",
      "notifyUserInCharge" : "ALWAYS",
      "userInChargeId" : 1,
      "invokerWaitsForResponse" : true
    }
  ]
]