de.metas.audit.apirequest.request.ApiRequestAuditRepositoryTest.save=[
  {
    "apiRequestAuditId": 100001,
    "orgId": 1,
    "roleId": 0,
    "userId": 100,
    "apiAuditConfigId": 3,
    "status": "RECEIVED",
    "isErrorAcknowledged": false,
    "body": "body",
    "method": "POST",
    "path": "path",
    "remoteAddress": "remoteAddress",
    "remoteHost": "remoteHost",
    "time": "1970-01-01T00:00:00Z",
    "httpHeaders": "httpHeaders",
    "requestURI": "request/uri",
    "errorAcknowledged": false
  }
]