de.metas.common.bpartner.v2.request.alberta.JsonCompositeAlbertaBPartnerTest.serializeDeserialize=[
  {
    "jsonAlbertaBPartner": {
      "isArchived": true,
      "archivedSet": true,
      "title": "title",
      "titleSet": true,
      "titleShort": "titleShort",
      "titleShortSet": true,
      "timestamp": "2019-11-22T00:00:00Z",
      "timestampSet": true
    },
    "role": "Patient",
    "jsonAlbertaPatient": {
      "hospitalIdentifier": "1111111",
      "hospitalIdentifierSet": true,
      "dischargeDate": "2019-11-22",
      "dischargeDateSet": true,
      "payerIdentifier": "2222222",
      "payerIdentifierSet": true,
      "payerType": "payerType",
      "payerTypeSet": true,
      "numberOfInsured": "333333",
      "numberOfInsuredSet": true,
      "copaymentFrom": "2021-05-24",
      "copaymentFromSet": true,
      "copaymentTo": "2021-05-24",
      "copaymentToSet": true,
      "isTransferPatient": true,
      "transferPatientSet": true,
      "isIVTherapy": true,
      "ivTherapySet": true,
      "fieldNurseIdentifier": "4444444",
      "fieldNurseIdentifierSet": true,
      "deactivationReason": "reason",
      "deactivationReasonSet": true,
      "deactivationDate": "2021-05-24",
      "deactivationDateSet": true,
      "deactivationComment": "comment",
      "deactivationCommentSet": true,
      "classification": "classification",
      "classificationSet": true,
      "careDegree": 2.2,
      "careDegreeSet": true,
      "createdAt": "2019-11-22T00:00:00Z",
      "createdAtSet": true,
      "createdByIdentifier": "6666666",
      "createdByIdentifierSet": true,
      "updatedAt": "2019-11-22T00:00:00Z",
      "updatedAtSet": true,
      "updateByIdentifierSet": false
    },
    "jsonAlbertaCareGivers": [
      {
        "caregiverIdentifier": "11111",
        "type": "type",
        "typeSet": true,
        "isLegalCarer": true,
        "legalCarerSet": true
      }
    ]
  }
]