de.metas.common.bpartner.v2.request.alberta.JsonAlbertaContactTest.serializeDeserialize=[
  {
    "userId" : "11111",
    "userIdSet" : true,
    "gender" : "gender",
    "genderSet" : true,
    "title" : "title",
    "titleSet" : true,
    "timestamp" : {
      "seconds" : 1574380800,
      "nanos" : 0
    },
    "timestampSet" : true
  }
]