de.metas.handlingunits.picking.job.service.PickingJobService_Snapshot_Test.abortJob=[ {
  "docStatus" : "Voided",
  "header" : {
    "customerName" : "bpname-666",
    "deliveryBPLocationId" : {
      "bpartnerId" : 666,
      "repoId" : 666
    },
    "deliveryRenderedAddress" : "deliveryRenderedAddress",
    "lockedBy" : 1234,
    "preparationDate" : "2021-11-09T08:58:52Z",
    "salesOrderDocumentNo" : "docno-1"
  },
  "id" : 100251,
  "lines" : [ {
    "id" : 100252,
    "productId" : 100161,
    "productName" : "productName-100161",
    "progress" : "NOT_STARTED",
    "qtyToPick" : "100 Ea",
    "steps" : [ {
      "id" : 100253,
      "pickFroms" : {
        "map" : {
          "MAIN" : {
            "pickFromHU" : {
              "barcode" : "100201",
              "id" : 100201
            },
            "pickFromKey" : "MAIN",
            "pickFromLocator" : {
              "caption" : "locatorName-100160",
              "id" : "100159_100160"
            },
            "pickedTo" : null
          }
        },
        "qtyPickedSum" : null,
        "reportedOnAllPickFroms" : false
      },
      "productId" : 100161,
      "productName" : "productName-100161",
      "progress" : "NOT_STARTED",
      "qtyToPick" : "100 Ea",
      "salesOrderAndLineId" : {
        "orderId" : 1,
        "orderLineId" : 2
      },
      "shipmentScheduleId" : 100199
    } ]
  } ],
  "pickFromAlternatives" : [ ],
  "pickingSlot" : null,
  "progress" : "NOT_STARTED"
} ]


de.metas.handlingunits.picking.job.service.PickingJobService_Snapshot_Test.completeJob=[ {
  "docStatus" : "Completed",
  "header" : {
    "customerName" : "bpname-666",
    "deliveryBPLocationId" : {
      "bpartnerId" : 666,
      "repoId" : 666
    },
    "deliveryRenderedAddress" : "deliveryRenderedAddress",
    "lockedBy" : 1234,
    "preparationDate" : "2021-11-09T08:58:52Z",
    "salesOrderDocumentNo" : "docno-1"
  },
  "id" : 100251,
  "lines" : [ {
    "id" : 100252,
    "productId" : 100161,
    "productName" : "productName-100161",
    "progress" : "DONE",
    "qtyToPick" : "100 Ea",
    "steps" : [ {
      "id" : 100253,
      "pickFroms" : {
        "map" : {
          "MAIN" : {
            "pickFromHU" : {
              "barcode" : "100201",
              "id" : 100201
            },
            "pickFromKey" : "MAIN",
            "pickFromLocator" : {
              "caption" : "locatorName-100160",
              "id" : "100159_100160"
            },
            "pickedTo" : {
              "actualPickedHUId" : 100201,
              "pickingCandidateId" : 100255,
              "qtyPicked" : "100 Ea",
              "qtyRejected" : null
            }
          }
        },
        "qtyPickedSum" : "100 Ea",
        "reportedOnAllPickFroms" : true
      },
      "productId" : 100161,
      "productName" : "productName-100161",
      "progress" : "DONE",
      "qtyToPick" : "100 Ea",
      "salesOrderAndLineId" : {
        "orderId" : 1,
        "orderLineId" : 2
      },
      "shipmentScheduleId" : 100199
    } ]
  } ],
  "pickFromAlternatives" : [ ],
  "pickingSlot" : null,
  "progress" : "DONE"
} ]


de.metas.handlingunits.picking.job.service.PickingJobService_Snapshot_Test.createJobAndGet=[ {
  "docStatus" : "Drafted",
  "header" : {
    "customerName" : "bpname-666",
    "deliveryBPLocationId" : {
      "bpartnerId" : 666,
      "repoId" : 666
    },
    "deliveryRenderedAddress" : "deliveryRenderedAddress",
    "lockedBy" : 1234,
    "preparationDate" : "2021-11-09T08:58:52Z",
    "salesOrderDocumentNo" : "docno-1"
  },
  "id" : 100251,
  "lines" : [ {
    "id" : 100252,
    "productId" : 100161,
    "productName" : "productName-100161",
    "progress" : "NOT_STARTED",
    "qtyToPick" : "100 Ea",
    "steps" : [ {
      "id" : 100253,
      "pickFroms" : {
        "map" : {
          "MAIN" : {
            "pickFromHU" : {
              "barcode" : "100201",
              "id" : 100201
            },
            "pickFromKey" : "MAIN",
            "pickFromLocator" : {
              "caption" : "locatorName-100160",
              "id" : "100159_100160"
            },
            "pickedTo" : null
          }
        },
        "qtyPickedSum" : null,
        "reportedOnAllPickFroms" : false
      },
      "productId" : 100161,
      "productName" : "productName-100161",
      "progress" : "NOT_STARTED",
      "qtyToPick" : "100 Ea",
      "salesOrderAndLineId" : {
        "orderId" : 1,
        "orderLineId" : 2
      },
      "shipmentScheduleId" : 100199
    } ]
  } ],
  "pickFromAlternatives" : [ ],
  "pickingSlot" : null,
  "progress" : "NOT_STARTED"
} ]