de.metas.handlingunits.picking.job.service.PickingJobService_UsingVHUs_Test.abortJob=[ {
  "steps" : {
    "1. Created Picking Job" : {
      "docStatus" : "Drafted",
      "header" : {
        "customerName" : "BPartner1",
        "deliveryBPLocationId" : {
          "bpartnerId" : 1000000,
          "repoId" : 1000000
        },
        "deliveryRenderedAddress" : "deliveryRenderedAddress",
        "lockedBy" : 1234,
        "preparationDate" : "2021-11-09T08:58:52Z",
        "salesOrderDocumentNo" : "salesOrder001"
      },
      "id" : 1000000,
      "lines" : [ {
        "id" : 1000000,
        "productId" : 1000000,
        "productName" : "P1",
        "progress" : "NOT_STARTED",
        "qtyToPick" : "100 Ea",
        "steps" : [ {
          "id" : 1000000,
          "packToSpec" : {
            "genericPackingInstructionsId" : 101,
            "tuPackingInstructionsId" : null
          },
          "pickFroms" : {
            "map" : {
              "MAIN" : {
                "pickFromHU" : {
                  "barcode" : "1000001",
                  "id" : 1000001
                },
                "pickFromKey" : "MAIN",
                "pickFromLocator" : {
                  "caption" : "wh_loc",
                  "id" : "1000000_1000000"
                },
                "pickedTo" : null
              }
            },
            "progress" : "NOT_STARTED",
            "qtyPickedSum" : null
          },
          "productId" : 1000000,
          "productName" : "P1",
          "progress" : "NOT_STARTED",
          "qtyToPick" : "100 Ea",
          "salesOrderAndLineId" : {
            "orderId" : 1000000,
            "orderLineId" : 1000000
          },
          "shipmentScheduleId" : 1000000
        } ]
      } ],
      "pickFromAlternatives" : [ ],
      "pickingSlot" : null,
      "progress" : "NOT_STARTED"
    },
    "2. HUs after created Picking Job" : {
      "1" : "1/2. HU[1000000]: VirtualPI HUStatus=A WH=warehouse [P1 x 30 Ea]",
      "2" : "  Item:Material",
      "3" : "2/2. HU[1000001]: VirtualPI HUStatus=A WH=warehouse [P1 x 100 Ea] [PickingJobStepId(repoId=1000000)]",
      "4" : "  Item:Material"
    },
    "3. Picking Job after ABORT" : {
      "docStatus" : "Voided",
      "header" : {
        "customerName" : "BPartner1",
        "deliveryBPLocationId" : {
          "bpartnerId" : 1000000,
          "repoId" : 1000000
        },
        "deliveryRenderedAddress" : "deliveryRenderedAddress",
        "lockedBy" : 1234,
        "preparationDate" : "2021-11-09T08:58:52Z",
        "salesOrderDocumentNo" : "salesOrder001"
      },
      "id" : 1000000,
      "lines" : [ {
        "id" : 1000000,
        "productId" : 1000000,
        "productName" : "P1",
        "progress" : "NOT_STARTED",
        "qtyToPick" : "100 Ea",
        "steps" : [ {
          "id" : 1000000,
          "packToSpec" : {
            "genericPackingInstructionsId" : 101,
            "tuPackingInstructionsId" : null
          },
          "pickFroms" : {
            "map" : {
              "MAIN" : {
                "pickFromHU" : {
                  "barcode" : "1000001",
                  "id" : 1000001
                },
                "pickFromKey" : "MAIN",
                "pickFromLocator" : {
                  "caption" : "wh_loc",
                  "id" : "1000000_1000000"
                },
                "pickedTo" : null
              }
            },
            "progress" : "NOT_STARTED",
            "qtyPickedSum" : null
          },
          "productId" : 1000000,
          "productName" : "P1",
          "progress" : "NOT_STARTED",
          "qtyToPick" : "100 Ea",
          "salesOrderAndLineId" : {
            "orderId" : 1000000,
            "orderLineId" : 1000000
          },
          "shipmentScheduleId" : 1000000
        } ]
      } ],
      "pickFromAlternatives" : [ ],
      "pickingSlot" : null,
      "progress" : "NOT_STARTED"
    },
    "4. HUs after Picking Job ABORT" : {
      "1" : "1/2. HU[1000000]: VirtualPI HUStatus=A WH=warehouse [P1 x 30 Ea]",
      "2" : "  Item:Material",
      "3" : "2/2. HU[1000001]: VirtualPI HUStatus=A WH=warehouse [P1 x 100 Ea]",
      "4" : "  Item:Material"
    }
  }
} ]


de.metas.handlingunits.picking.job.service.PickingJobService_UsingVHUs_Test.completeJob=[ {
  "steps" : {
    "1. Created Picking Job" : {
      "docStatus" : "Drafted",
      "header" : {
        "customerName" : "BPartner1",
        "deliveryBPLocationId" : {
          "bpartnerId" : 1000000,
          "repoId" : 1000000
        },
        "deliveryRenderedAddress" : "deliveryRenderedAddress",
        "lockedBy" : 1234,
        "preparationDate" : "2021-11-09T08:58:52Z",
        "salesOrderDocumentNo" : "salesOrder001"
      },
      "id" : 1000000,
      "lines" : [ {
        "id" : 1000000,
        "productId" : 1000000,
        "productName" : "P1",
        "progress" : "NOT_STARTED",
        "qtyToPick" : "100 Ea",
        "steps" : [ {
          "id" : 1000000,
          "packToSpec" : {
            "genericPackingInstructionsId" : 101,
            "tuPackingInstructionsId" : null
          },
          "pickFroms" : {
            "map" : {
              "MAIN" : {
                "pickFromHU" : {
                  "barcode" : "1000001",
                  "id" : 1000001
                },
                "pickFromKey" : "MAIN",
                "pickFromLocator" : {
                  "caption" : "wh_loc",
                  "id" : "1000000_1000000"
                },
                "pickedTo" : null
              }
            },
            "progress" : "NOT_STARTED",
            "qtyPickedSum" : null
          },
          "productId" : 1000000,
          "productName" : "P1",
          "progress" : "NOT_STARTED",
          "qtyToPick" : "100 Ea",
          "salesOrderAndLineId" : {
            "orderId" : 1000000,
            "orderLineId" : 1000000
          },
          "shipmentScheduleId" : 1000000
        } ]
      } ],
      "pickFromAlternatives" : [ ],
      "pickingSlot" : null,
      "progress" : "NOT_STARTED"
    },
    "2. HUs after created Picking Job" : {
      "1" : "1/2. HU[1000000]: VirtualPI HUStatus=A WH=warehouse [P1 x 30 Ea]",
      "2" : "  Item:Material",
      "3" : "2/2. HU[1000001]: VirtualPI HUStatus=A WH=warehouse [P1 x 100 Ea] [PickingJobStepId(repoId=1000000)]",
      "4" : "  Item:Material"
    },
    "3. HUs after Picked" : {
      "1" : "1/2. HU[1000000]: VirtualPI HUStatus=A WH=warehouse [P1 x 30 Ea]",
      "2" : "  Item:Material",
      "3" : "2/2. HU[1000001]: VirtualPI HUStatus=S WH=warehouse [P1 x 100 Ea] [PickingJobStepId(repoId=1000000)]",
      "4" : "  Item:Material"
    },
    "4. Picking Job after Complete" : {
      "docStatus" : "Completed",
      "header" : {
        "customerName" : "BPartner1",
        "deliveryBPLocationId" : {
          "bpartnerId" : 1000000,
          "repoId" : 1000000
        },
        "deliveryRenderedAddress" : "deliveryRenderedAddress",
        "lockedBy" : 1234,
        "preparationDate" : "2021-11-09T08:58:52Z",
        "salesOrderDocumentNo" : "salesOrder001"
      },
      "id" : 1000000,
      "lines" : [ {
        "id" : 1000000,
        "productId" : 1000000,
        "productName" : "P1",
        "progress" : "DONE",
        "qtyToPick" : "100 Ea",
        "steps" : [ {
          "id" : 1000000,
          "packToSpec" : {
            "genericPackingInstructionsId" : 101,
            "tuPackingInstructionsId" : null
          },
          "pickFroms" : {
            "map" : {
              "MAIN" : {
                "pickFromHU" : {
                  "barcode" : "1000001",
                  "id" : 1000001
                },
                "pickFromKey" : "MAIN",
                "pickFromLocator" : {
                  "caption" : "wh_loc",
                  "id" : "1000000_1000000"
                },
                "pickedTo" : {
                  "actualPickedHUs" : [ {
                    "actualPickedHUId" : 1000001,
                    "pickFromHUId" : 1000001,
                    "pickingCandidateId" : 1000000,
                    "qtyPicked" : "100 Ea"
                  } ],
                  "qtyPicked" : "100 Ea",
                  "qtyRejected" : null
                }
              }
            },
            "progress" : "DONE",
            "qtyPickedSum" : "100 Ea"
          },
          "productId" : 1000000,
          "productName" : "P1",
          "progress" : "DONE",
          "qtyToPick" : "100 Ea",
          "salesOrderAndLineId" : {
            "orderId" : 1000000,
            "orderLineId" : 1000000
          },
          "shipmentScheduleId" : 1000000
        } ]
      } ],
      "pickFromAlternatives" : [ ],
      "pickingSlot" : null,
      "progress" : "DONE"
    },
    "5. HUs after Complete" : {
      "1" : "1/2. HU[1000000]: VirtualPI HUStatus=A WH=warehouse [P1 x 30 Ea]",
      "2" : "  Item:Material",
      "3" : "2/2. HU[1000001]: VirtualPI HUStatus=S WH=warehouse [P1 x 100 Ea]",
      "4" : "  Item:Material"
    }
  }
} ]


de.metas.handlingunits.picking.job.service.PickingJobService_UsingVHUs_Test.createJobAndGet=[ {
  "steps" : {
    "1. Created Picking Job" : {
      "docStatus" : "Drafted",
      "header" : {
        "customerName" : "BPartner1",
        "deliveryBPLocationId" : {
          "bpartnerId" : 1000000,
          "repoId" : 1000000
        },
        "deliveryRenderedAddress" : "deliveryRenderedAddress",
        "lockedBy" : 1234,
        "preparationDate" : "2021-11-09T08:58:52Z",
        "salesOrderDocumentNo" : "salesOrder001"
      },
      "id" : 1000000,
      "lines" : [ {
        "id" : 1000000,
        "productId" : 1000000,
        "productName" : "P1",
        "progress" : "NOT_STARTED",
        "qtyToPick" : "100 Ea",
        "steps" : [ {
          "id" : 1000000,
          "packToSpec" : {
            "genericPackingInstructionsId" : 101,
            "tuPackingInstructionsId" : null
          },
          "pickFroms" : {
            "map" : {
              "MAIN" : {
                "pickFromHU" : {
                  "barcode" : "1000001",
                  "id" : 1000001
                },
                "pickFromKey" : "MAIN",
                "pickFromLocator" : {
                  "caption" : "wh_loc",
                  "id" : "1000000_1000000"
                },
                "pickedTo" : null
              }
            },
            "progress" : "NOT_STARTED",
            "qtyPickedSum" : null
          },
          "productId" : 1000000,
          "productName" : "P1",
          "progress" : "NOT_STARTED",
          "qtyToPick" : "100 Ea",
          "salesOrderAndLineId" : {
            "orderId" : 1000000,
            "orderLineId" : 1000000
          },
          "shipmentScheduleId" : 1000000
        } ]
      } ],
      "pickFromAlternatives" : [ ],
      "pickingSlot" : null,
      "progress" : "NOT_STARTED"
    },
    "2. HUs after created Picking Job" : {
      "1" : "1/2. HU[1000000]: VirtualPI HUStatus=A WH=warehouse [P1 x 30 Ea]",
      "2" : "  Item:Material",
      "3" : "2/2. HU[1000001]: VirtualPI HUStatus=A WH=warehouse [P1 x 100 Ea] [PickingJobStepId(repoId=1000000)]",
      "4" : "  Item:Material"
    }
  }
} ]