de.metas.handlingunits.inventory.InventoryRepositoryTest.saveInventoryLine=[
  {
    "docBaseAndSubType": {
      "docBaseType": "MMI",
      "docSubType": "ISH"
    },
    "docStatus": "Drafted",
    "documentNo": "documentNo",
    "id": 100015,
    "inventoryType": "PHYSICAL",
    "lines": [
      {
        "asiId": 100010,
        "counted": true,
        "huAggregationType": "MULTI_HU",
        "id": 100016,
        "inventoryLineHUs": [
          {
            "huId": 100,
            "id": 100019,
            "inventoryType": "PHYSICAL",
            "qtyBook": {
              "qty": "10",
              "uomId": 100003
            },
            "qtyCount": {
              "qty": "1",
              "uomId": 100003
            }
          },
          {
            "huId": 200,
            "id": 100020,
            "inventoryType": "PHYSICAL",
            "qtyBook": {
              "qty": "20",
              "uomId": 100003
            },
            "qtyCount": {
              "qty": "2",
              "uomId": 100003
            }
          }
        ],
        "inventoryType": "PHYSICAL",
        "locatorId": "100004_100005",
        "orgId": 100001,
        "productId": 40,
        "storageAttributesKey": "10ยง&ยง11ยง&ยง12"
      }
    ],
    "movementDate": "2020-06-15T00:00:00-08:00[UTC-08:00]",
    "orgId": 100001
  }
]