de.metas.vertical.healthcare.alberta.service.bpartner.user.AlbertaUserRepositoryTest.save_allFields=[
  {
    "userAlbertaId": 100001,
    "userId": 1,
    "title": "DiplMed",
    "gender": "MALE",
    "timestamp": "2019-11-22T00:00:00Z"
  }
]


de.metas.vertical.healthcare.alberta.service.bpartner.user.AlbertaUserRepositoryTest.save_onlyMandatory=[
  {
    "userAlbertaId": 100001,
    "userId": 1
  }
]