de.metas.contracts.commission.licensefee.algorithm.LicenseFeeAlgorithmTest.givenValidRequest_whenCreateCommissionShares_thenReturnOneShare=[
  {
    "config": {
      "@type": "LicenseFeeConfig",
      "licenseFeeContract": {
        "@type": "LicenseFeeContract",
        "id": 1001,
        "contractOwnerBPartnerId": 1,
        "simulation": false
      },
      "commissionProductId": 2,
      "commissionPercent": 10,
      "pointsPrecision": 2,
      "licenseFeeSettingsLineId": 2
    },
    "level": 0,
    "beneficiary": {
      "bPartnerId": 2
    },
    "facts": [
      {
        "timestamp": "2600-07-29T09:11:38Z",
        "state": "FORECASTED",
        "points": 10.00
      }
    ],
    "payer": {
      "bPartnerId": 1
    },
    "soTrx": "SALES",
    "forecastedPointsSum": 10.00,
    "invoiceablePointsSum": 0,
    "invoicedPointsSum": 0
  }
]