de.metas.project.workorder.conflicts.ResourceAllocations_TestCase_ActualAndSimulation_Test.conflictInActualAllocs_changedButStillConflictInSimulation=[ {
  "byIds" : {
    "ProjectResourceIdsPair(projectResourceId1=WOProjectAndResourceId(projectId=ProjectId(repoId=1), projectResourceId=WOProjectResourceId(repoId=1)), projectResourceId2=WOProjectAndResourceId(projectId=ProjectId(repoId=1), projectResourceId=WOProjectResourceId(repoId=2)))" : {
      "projectResourceIdsPair" : {
        "projectResourceId1" : {
          "projectId" : 1,
          "projectResourceId" : 1
        },
        "projectResourceId2" : {
          "projectId" : 1,
          "projectResourceId" : 2
        }
      },
      "simulationId" : 1,
      "status" : "CONFLICT"
    }
  },
  "simulationId" : 1
} ]


de.metas.project.workorder.conflicts.ResourceAllocations_TestCase_ActualAndSimulation_Test.conflictInActualAllocs_fixedInSimulation=[ {
  "byIds" : {
    "ProjectResourceIdsPair(projectResourceId1=WOProjectAndResourceId(projectId=ProjectId(repoId=1), projectResourceId=WOProjectResourceId(repoId=1)), projectResourceId2=WOProjectAndResourceId(projectId=ProjectId(repoId=1), projectResourceId=WOProjectResourceId(repoId=2)))" : {
      "projectResourceIdsPair" : {
        "projectResourceId1" : {
          "projectId" : 1,
          "projectResourceId" : 1
        },
        "projectResourceId2" : {
          "projectId" : 1,
          "projectResourceId" : 2
        }
      },
      "simulationId" : 1,
      "status" : "RESOLVED"
    }
  },
  "simulationId" : 1
} ]


de.metas.project.workorder.conflicts.ResourceAllocations_TestCase_ActualAndSimulation_Test.okInActualAllocs_conflictInSimulation=[ {
  "byIds" : {
    "ProjectResourceIdsPair(projectResourceId1=WOProjectAndResourceId(projectId=ProjectId(repoId=1), projectResourceId=WOProjectResourceId(repoId=1)), projectResourceId2=WOProjectAndResourceId(projectId=ProjectId(repoId=1), projectResourceId=WOProjectResourceId(repoId=2)))" : {
      "projectResourceIdsPair" : {
        "projectResourceId1" : {
          "projectId" : 1,
          "projectResourceId" : 1
        },
        "projectResourceId2" : {
          "projectId" : 1,
          "projectResourceId" : 2
        }
      },
      "simulationId" : 1,
      "status" : "CONFLICT"
    }
  },
  "simulationId" : 1
} ]